node : C:\Users\ACER\De
sktop\GHR-HACK\backend\
node_modules\express\li
b\router\index.js:469
At line:1 char:1
+ node server.js 2> C:\
Users\ACER\Desktop\GHR-
HACK\backend\error_log.
tx ...
+ ~~~~~~~~~~~~~~~~~~~~~
~~~~~~~~~~~~~~~~~~~~~~~
~~~~~~~~~~~~~~~~~~~~~~~
~~
    + CategoryInfo     
         : 
NotSpecified: (C:\    
Users\ACER\D...er\inde 
   x.js:469:String) 
[], R    emoteException
    + 
FullyQualifiedErrorI   
 d : NativeCommandError
 
      throw new TypeErr
or('Router.use() 
requires a middleware 
function but got a ' + 
gettype(fn))
      ^

TypeError: 
Router.use() requires 
a middleware function 
but got a Object
    at Function.use (C:
\Users\ACER\Desktop\GHR
-HACK\backend\node_modu
les\express\lib\router\
index.js:469:13)
    at 
Function.<anonymous> (C
:\Users\ACER\Desktop\GH
R-HACK\backend\node_mod
ules\express\lib\applic
ation.js:227:21)
    at Array.forEach 
(<anonymous>)
    at Function.use (C:
\Users\ACER\Desktop\GHR
-HACK\backend\node_modu
les\express\lib\applica
tion.js:224:7)
    at 
Object.<anonymous> (C:\
Users\ACER\Desktop\GHR-
HACK\backend\src\app.js
:40:5)
    at Module._compile 
(node:internal/modules/
cjs/loader:1706:14)
    at Object..js (node
:internal/modules/cjs/l
oader:1839:10)
    at Module.load (nod
e:internal/modules/cjs/
loader:1441:32)
    at Function._load (
node:internal/modules/c
js/loader:1263:12)
    at TracingChannel.t
raceSync (node:diagnost
ics_channel:322:14)

Node.js v22.20.0
